// Jest Snapshot v1, https://goo.gl/fbAQLP

exports[`Routes matches snapshot 1`] = `
ShallowWrapper {
  Symbol(enzyme.__root__): [Circular],
  Symbol(enzyme.__unrendered__): <Routes
    attemptLogin={[MockFunction]}
  />,
  Symbol(enzyme.__renderer__): Object {
    "batchedUpdates": [Function],
    "checkPropTypes": [Function],
    "getNode": [Function],
    "render": [Function],
    "simulateError": [Function],
    "simulateEvent": [Function],
    "unmount": [Function],
  },
  Symbol(enzyme.__node__): Object {
    "instance": null,
    "key": undefined,
    "nodeType": "class",
    "props": Object {
      "children": <Switch>
        <Route
          component={[Function]}
          exact={true}
          path="/"
        />
        <Route
          component={[Function]}
          exact={true}
          path="/login"
        />
        <Route
          component={[Function]}
          exact={true}
          path="/logout"
        />
        <Route
          component={[Function]}
          exact={true}
          path="/register"
        />
        <Route
          component={[Function]}
          exact={true}
          path="/profile"
        />
        <Route
          component={[Function]}
          exact={true}
          path="/tags"
        />
        <Route
          component={[Function]}
          exact={true}
          path="/composers"
        />
        <Route
          component={[Function]}
          exact={true}
          path="/composer/:id"
        />
        <Route
          component={[Function]}
          default={true}
        />
      </Switch>,
    },
    "ref": null,
    "rendered": Object {
      "instance": null,
      "key": undefined,
      "nodeType": "class",
      "props": Object {
        "children": Array [
          <Route
            component={[Function]}
            exact={true}
            path="/"
          />,
          <Route
            component={[Function]}
            exact={true}
            path="/login"
          />,
          <Route
            component={[Function]}
            exact={true}
            path="/logout"
          />,
          <Route
            component={[Function]}
            exact={true}
            path="/register"
          />,
          <Route
            component={[Function]}
            exact={true}
            path="/profile"
          />,
          <Route
            component={[Function]}
            exact={true}
            path="/tags"
          />,
          <Route
            component={[Function]}
            exact={true}
            path="/composers"
          />,
          <Route
            component={[Function]}
            exact={true}
            path="/composer/:id"
          />,
          <Route
            component={[Function]}
            default={true}
          />,
        ],
      },
      "ref": null,
      "rendered": Array [
        Object {
          "instance": null,
          "key": undefined,
          "nodeType": "class",
          "props": Object {
            "component": [Function],
            "exact": true,
            "path": "/",
          },
          "ref": null,
          "rendered": null,
          "type": [Function],
        },
        Object {
          "instance": null,
          "key": undefined,
          "nodeType": "class",
          "props": Object {
            "component": [Function],
            "exact": true,
            "path": "/login",
          },
          "ref": null,
          "rendered": null,
          "type": [Function],
        },
        Object {
          "instance": null,
          "key": undefined,
          "nodeType": "class",
          "props": Object {
            "component": [Function],
            "exact": true,
            "path": "/logout",
          },
          "ref": null,
          "rendered": null,
          "type": [Function],
        },
        Object {
          "instance": null,
          "key": undefined,
          "nodeType": "class",
          "props": Object {
            "component": [Function],
            "exact": true,
            "path": "/register",
          },
          "ref": null,
          "rendered": null,
          "type": [Function],
        },
        Object {
          "instance": null,
          "key": undefined,
          "nodeType": "class",
          "props": Object {
            "component": [Function],
            "exact": true,
            "path": "/profile",
          },
          "ref": null,
          "rendered": null,
          "type": [Function],
        },
        Object {
          "instance": null,
          "key": undefined,
          "nodeType": "class",
          "props": Object {
            "component": [Function],
            "exact": true,
            "path": "/tags",
          },
          "ref": null,
          "rendered": null,
          "type": [Function],
        },
        Object {
          "instance": null,
          "key": undefined,
          "nodeType": "class",
          "props": Object {
            "component": [Function],
            "exact": true,
            "path": "/composers",
          },
          "ref": null,
          "rendered": null,
          "type": [Function],
        },
        Object {
          "instance": null,
          "key": undefined,
          "nodeType": "class",
          "props": Object {
            "component": [Function],
            "exact": true,
            "path": "/composer/:id",
          },
          "ref": null,
          "rendered": null,
          "type": [Function],
        },
        Object {
          "instance": null,
          "key": undefined,
          "nodeType": "class",
          "props": Object {
            "component": [Function],
            "default": true,
          },
          "ref": null,
          "rendered": null,
          "type": [Function],
        },
      ],
      "type": [Function],
    },
    "type": [Function],
  },
  Symbol(enzyme.__nodes__): Array [
    Object {
      "instance": null,
      "key": undefined,
      "nodeType": "class",
      "props": Object {
        "children": <Switch>
          <Route
            component={[Function]}
            exact={true}
            path="/"
          />
          <Route
            component={[Function]}
            exact={true}
            path="/login"
          />
          <Route
            component={[Function]}
            exact={true}
            path="/logout"
          />
          <Route
            component={[Function]}
            exact={true}
            path="/register"
          />
          <Route
            component={[Function]}
            exact={true}
            path="/profile"
          />
          <Route
            component={[Function]}
            exact={true}
            path="/tags"
          />
          <Route
            component={[Function]}
            exact={true}
            path="/composers"
          />
          <Route
            component={[Function]}
            exact={true}
            path="/composer/:id"
          />
          <Route
            component={[Function]}
            default={true}
          />
        </Switch>,
      },
      "ref": null,
      "rendered": Object {
        "instance": null,
        "key": undefined,
        "nodeType": "class",
        "props": Object {
          "children": Array [
            <Route
              component={[Function]}
              exact={true}
              path="/"
            />,
            <Route
              component={[Function]}
              exact={true}
              path="/login"
            />,
            <Route
              component={[Function]}
              exact={true}
              path="/logout"
            />,
            <Route
              component={[Function]}
              exact={true}
              path="/register"
            />,
            <Route
              component={[Function]}
              exact={true}
              path="/profile"
            />,
            <Route
              component={[Function]}
              exact={true}
              path="/tags"
            />,
            <Route
              component={[Function]}
              exact={true}
              path="/composers"
            />,
            <Route
              component={[Function]}
              exact={true}
              path="/composer/:id"
            />,
            <Route
              component={[Function]}
              default={true}
            />,
          ],
        },
        "ref": null,
        "rendered": Array [
          Object {
            "instance": null,
            "key": undefined,
            "nodeType": "class",
            "props": Object {
              "component": [Function],
              "exact": true,
              "path": "/",
            },
            "ref": null,
            "rendered": null,
            "type": [Function],
          },
          Object {
            "instance": null,
            "key": undefined,
            "nodeType": "class",
            "props": Object {
              "component": [Function],
              "exact": true,
              "path": "/login",
            },
            "ref": null,
            "rendered": null,
            "type": [Function],
          },
          Object {
            "instance": null,
            "key": undefined,
            "nodeType": "class",
            "props": Object {
              "component": [Function],
              "exact": true,
              "path": "/logout",
            },
            "ref": null,
            "rendered": null,
            "type": [Function],
          },
          Object {
            "instance": null,
            "key": undefined,
            "nodeType": "class",
            "props": Object {
              "component": [Function],
              "exact": true,
              "path": "/register",
            },
            "ref": null,
            "rendered": null,
            "type": [Function],
          },
          Object {
            "instance": null,
            "key": undefined,
            "nodeType": "class",
            "props": Object {
              "component": [Function],
              "exact": true,
              "path": "/profile",
            },
            "ref": null,
            "rendered": null,
            "type": [Function],
          },
          Object {
            "instance": null,
            "key": undefined,
            "nodeType": "class",
            "props": Object {
              "component": [Function],
              "exact": true,
              "path": "/tags",
            },
            "ref": null,
            "rendered": null,
            "type": [Function],
          },
          Object {
            "instance": null,
            "key": undefined,
            "nodeType": "class",
            "props": Object {
              "component": [Function],
              "exact": true,
              "path": "/composers",
            },
            "ref": null,
            "rendered": null,
            "type": [Function],
          },
          Object {
            "instance": null,
            "key": undefined,
            "nodeType": "class",
            "props": Object {
              "component": [Function],
              "exact": true,
              "path": "/composer/:id",
            },
            "ref": null,
            "rendered": null,
            "type": [Function],
          },
          Object {
            "instance": null,
            "key": undefined,
            "nodeType": "class",
            "props": Object {
              "component": [Function],
              "default": true,
            },
            "ref": null,
            "rendered": null,
            "type": [Function],
          },
        ],
        "type": [Function],
      },
      "type": [Function],
    },
  ],
  Symbol(enzyme.__options__): Object {
    "adapter": ReactSixteenAdapter {
      "options": Object {
        "enableComponentDidUpdateOnSetState": true,
        "legacyContextMode": "parent",
        "lifecycles": Object {
          "componentDidUpdate": Object {
            "onSetState": true,
          },
          "getChildContext": Object {
            "calledByRenderer": false,
          },
          "getDerivedStateFromProps": true,
          "getSnapshotBeforeUpdate": true,
          "setState": Object {
            "skipsComponentDidUpdateOnNullish": true,
          },
        },
      },
    },
  },
}
`;
