// Jest Snapshot v1, https://goo.gl/fbAQLP

exports[`<Instruments /> matches the snapshot 1`] = `
ShallowWrapper {
  Symbol(enzyme.__root__): [Circular],
  Symbol(enzyme.__unrendered__): <Instruments
    alert={
      Object {
        "list": Array [],
      }
    }
    createInstrument={[MockFunction]}
    deleteInstrument={[MockFunction]}
    getInstruments={[MockFunction]}
    history={
      Object {
        "push": [MockFunction],
      }
    }
    instruments={
      Object {
        "list": Array [],
      }
    }
    token="testtoken"
    updateInstrument={[MockFunction]}
  />,
  Symbol(enzyme.__renderer__): Object {
    "batchedUpdates": [Function],
    "checkPropTypes": [Function],
    "getNode": [Function],
    "render": [Function],
    "simulateError": [Function],
    "simulateEvent": [Function],
    "unmount": [Function],
  },
  Symbol(enzyme.__node__): Object {
    "instance": null,
    "key": undefined,
    "nodeType": "function",
    "props": Object {
      "children": Array [
        <Connect(Header) />,
        <Container
          breakpoint={null}
          fluid={false}
          renderAs="div"
          style={Object {}}
        >
          <Box
            className="margin-default"
            renderAs="div"
            style={Object {}}
          >
            <Level
              breakpoint={null}
              className=""
              renderAs="div"
              style={Object {}}
            >
              <Heading
                className="absolutely-no-margin level-item level-left"
                heading={false}
                renderAs="h1"
                size={3}
                spaced={false}
                subtitle={false}
                weight={null}
              >
                Instruments
              </Heading>
            </Level>
          </Box>
        </Container>,
      ],
    },
    "ref": null,
    "rendered": Array [
      Object {
        "instance": null,
        "key": undefined,
        "nodeType": "class",
        "props": Object {},
        "ref": null,
        "rendered": null,
        "type": [Function],
      },
      Object {
        "instance": null,
        "key": undefined,
        "nodeType": "function",
        "props": Object {
          "backgroundColor": undefined,
          "breakpoint": null,
          "children": <Box
            className="margin-default"
            renderAs="div"
            style={Object {}}
          >
            <Level
              breakpoint={null}
              className=""
              renderAs="div"
              style={Object {}}
            >
              <Heading
                className="absolutely-no-margin level-item level-left"
                heading={false}
                renderAs="h1"
                size={3}
                spaced={false}
                subtitle={false}
                weight={null}
              >
                Instruments
              </Heading>
            </Level>
          </Box>,
          "className": undefined,
          "clearfix": undefined,
          "clipped": undefined,
          "fluid": false,
          "hidden": undefined,
          "invisible": undefined,
          "italic": undefined,
          "marginless": undefined,
          "overlay": undefined,
          "paddingless": undefined,
          "pull": undefined,
          "radiusless": undefined,
          "renderAs": "div",
          "responsive": undefined,
          "shadowless": undefined,
          "style": Object {},
          "textAlignment": undefined,
          "textColor": undefined,
          "textSize": undefined,
          "textTransform": undefined,
          "textWeight": undefined,
          "unselectable": undefined,
        },
        "ref": null,
        "rendered": Object {
          "instance": null,
          "key": undefined,
          "nodeType": "function",
          "props": Object {
            "backgroundColor": undefined,
            "children": Array [
              <Level
                breakpoint={null}
                className=""
                renderAs="div"
                style={Object {}}
              >
                <Heading
                  className="absolutely-no-margin level-item level-left"
                  heading={false}
                  renderAs="h1"
                  size={3}
                  spaced={false}
                  subtitle={false}
                  weight={null}
                >
                  Instruments
                </Heading>
              </Level>,
              Array [],
            ],
            "className": "margin-default",
            "clearfix": undefined,
            "clipped": undefined,
            "hidden": undefined,
            "invisible": undefined,
            "italic": undefined,
            "marginless": undefined,
            "overlay": undefined,
            "paddingless": undefined,
            "pull": undefined,
            "radiusless": undefined,
            "renderAs": "div",
            "responsive": undefined,
            "shadowless": undefined,
            "style": Object {},
            "textAlignment": undefined,
            "textColor": undefined,
            "textSize": undefined,
            "textTransform": undefined,
            "textWeight": undefined,
            "unselectable": undefined,
          },
          "ref": null,
          "rendered": Array [
            Object {
              "instance": null,
              "key": undefined,
              "nodeType": "function",
              "props": Object {
                "backgroundColor": undefined,
                "breakpoint": null,
                "children": <Heading
                  className="absolutely-no-margin level-item level-left"
                  heading={false}
                  renderAs="h1"
                  size={3}
                  spaced={false}
                  subtitle={false}
                  weight={null}
                >
                  Instruments
                </Heading>,
                "className": "",
                "clearfix": undefined,
                "clipped": undefined,
                "hidden": undefined,
                "invisible": undefined,
                "italic": undefined,
                "marginless": undefined,
                "overlay": undefined,
                "paddingless": undefined,
                "pull": undefined,
                "radiusless": undefined,
                "renderAs": "div",
                "responsive": undefined,
                "shadowless": undefined,
                "style": Object {},
                "textAlignment": undefined,
                "textColor": undefined,
                "textSize": undefined,
                "textTransform": undefined,
                "textWeight": undefined,
                "unselectable": undefined,
              },
              "ref": null,
              "rendered": Object {
                "instance": null,
                "key": undefined,
                "nodeType": "function",
                "props": Object {
                  "backgroundColor": undefined,
                  "children": "Instruments",
                  "className": "absolutely-no-margin level-item level-left",
                  "clearfix": undefined,
                  "clipped": undefined,
                  "heading": false,
                  "hidden": undefined,
                  "invisible": undefined,
                  "italic": undefined,
                  "marginless": undefined,
                  "overlay": undefined,
                  "paddingless": undefined,
                  "pull": undefined,
                  "radiusless": undefined,
                  "renderAs": "h1",
                  "responsive": undefined,
                  "shadowless": undefined,
                  "size": 3,
                  "spaced": false,
                  "subtitle": false,
                  "textAlignment": undefined,
                  "textColor": undefined,
                  "textSize": undefined,
                  "textTransform": undefined,
                  "textWeight": undefined,
                  "unselectable": undefined,
                  "weight": null,
                },
                "ref": null,
                "rendered": "Instruments",
                "type": [Function],
              },
              "type": [Function],
            },
          ],
          "type": [Function],
        },
        "type": [Function],
      },
    ],
    "type": Symbol(react.fragment),
  },
  Symbol(enzyme.__nodes__): Array [
    Object {
      "instance": null,
      "key": undefined,
      "nodeType": "function",
      "props": Object {
        "children": Array [
          <Connect(Header) />,
          <Container
            breakpoint={null}
            fluid={false}
            renderAs="div"
            style={Object {}}
          >
            <Box
              className="margin-default"
              renderAs="div"
              style={Object {}}
            >
              <Level
                breakpoint={null}
                className=""
                renderAs="div"
                style={Object {}}
              >
                <Heading
                  className="absolutely-no-margin level-item level-left"
                  heading={false}
                  renderAs="h1"
                  size={3}
                  spaced={false}
                  subtitle={false}
                  weight={null}
                >
                  Instruments
                </Heading>
              </Level>
            </Box>
          </Container>,
        ],
      },
      "ref": null,
      "rendered": Array [
        Object {
          "instance": null,
          "key": undefined,
          "nodeType": "class",
          "props": Object {},
          "ref": null,
          "rendered": null,
          "type": [Function],
        },
        Object {
          "instance": null,
          "key": undefined,
          "nodeType": "function",
          "props": Object {
            "backgroundColor": undefined,
            "breakpoint": null,
            "children": <Box
              className="margin-default"
              renderAs="div"
              style={Object {}}
            >
              <Level
                breakpoint={null}
                className=""
                renderAs="div"
                style={Object {}}
              >
                <Heading
                  className="absolutely-no-margin level-item level-left"
                  heading={false}
                  renderAs="h1"
                  size={3}
                  spaced={false}
                  subtitle={false}
                  weight={null}
                >
                  Instruments
                </Heading>
              </Level>
            </Box>,
            "className": undefined,
            "clearfix": undefined,
            "clipped": undefined,
            "fluid": false,
            "hidden": undefined,
            "invisible": undefined,
            "italic": undefined,
            "marginless": undefined,
            "overlay": undefined,
            "paddingless": undefined,
            "pull": undefined,
            "radiusless": undefined,
            "renderAs": "div",
            "responsive": undefined,
            "shadowless": undefined,
            "style": Object {},
            "textAlignment": undefined,
            "textColor": undefined,
            "textSize": undefined,
            "textTransform": undefined,
            "textWeight": undefined,
            "unselectable": undefined,
          },
          "ref": null,
          "rendered": Object {
            "instance": null,
            "key": undefined,
            "nodeType": "function",
            "props": Object {
              "backgroundColor": undefined,
              "children": Array [
                <Level
                  breakpoint={null}
                  className=""
                  renderAs="div"
                  style={Object {}}
                >
                  <Heading
                    className="absolutely-no-margin level-item level-left"
                    heading={false}
                    renderAs="h1"
                    size={3}
                    spaced={false}
                    subtitle={false}
                    weight={null}
                  >
                    Instruments
                  </Heading>
                </Level>,
                Array [],
              ],
              "className": "margin-default",
              "clearfix": undefined,
              "clipped": undefined,
              "hidden": undefined,
              "invisible": undefined,
              "italic": undefined,
              "marginless": undefined,
              "overlay": undefined,
              "paddingless": undefined,
              "pull": undefined,
              "radiusless": undefined,
              "renderAs": "div",
              "responsive": undefined,
              "shadowless": undefined,
              "style": Object {},
              "textAlignment": undefined,
              "textColor": undefined,
              "textSize": undefined,
              "textTransform": undefined,
              "textWeight": undefined,
              "unselectable": undefined,
            },
            "ref": null,
            "rendered": Array [
              Object {
                "instance": null,
                "key": undefined,
                "nodeType": "function",
                "props": Object {
                  "backgroundColor": undefined,
                  "breakpoint": null,
                  "children": <Heading
                    className="absolutely-no-margin level-item level-left"
                    heading={false}
                    renderAs="h1"
                    size={3}
                    spaced={false}
                    subtitle={false}
                    weight={null}
                  >
                    Instruments
                  </Heading>,
                  "className": "",
                  "clearfix": undefined,
                  "clipped": undefined,
                  "hidden": undefined,
                  "invisible": undefined,
                  "italic": undefined,
                  "marginless": undefined,
                  "overlay": undefined,
                  "paddingless": undefined,
                  "pull": undefined,
                  "radiusless": undefined,
                  "renderAs": "div",
                  "responsive": undefined,
                  "shadowless": undefined,
                  "style": Object {},
                  "textAlignment": undefined,
                  "textColor": undefined,
                  "textSize": undefined,
                  "textTransform": undefined,
                  "textWeight": undefined,
                  "unselectable": undefined,
                },
                "ref": null,
                "rendered": Object {
                  "instance": null,
                  "key": undefined,
                  "nodeType": "function",
                  "props": Object {
                    "backgroundColor": undefined,
                    "children": "Instruments",
                    "className": "absolutely-no-margin level-item level-left",
                    "clearfix": undefined,
                    "clipped": undefined,
                    "heading": false,
                    "hidden": undefined,
                    "invisible": undefined,
                    "italic": undefined,
                    "marginless": undefined,
                    "overlay": undefined,
                    "paddingless": undefined,
                    "pull": undefined,
                    "radiusless": undefined,
                    "renderAs": "h1",
                    "responsive": undefined,
                    "shadowless": undefined,
                    "size": 3,
                    "spaced": false,
                    "subtitle": false,
                    "textAlignment": undefined,
                    "textColor": undefined,
                    "textSize": undefined,
                    "textTransform": undefined,
                    "textWeight": undefined,
                    "unselectable": undefined,
                    "weight": null,
                  },
                  "ref": null,
                  "rendered": "Instruments",
                  "type": [Function],
                },
                "type": [Function],
              },
            ],
            "type": [Function],
          },
          "type": [Function],
        },
      ],
      "type": Symbol(react.fragment),
    },
  ],
  Symbol(enzyme.__options__): Object {
    "adapter": ReactSixteenAdapter {
      "options": Object {
        "enableComponentDidUpdateOnSetState": true,
        "legacyContextMode": "parent",
        "lifecycles": Object {
          "componentDidUpdate": Object {
            "onSetState": true,
          },
          "getChildContext": Object {
            "calledByRenderer": false,
          },
          "getDerivedStateFromProps": true,
          "getSnapshotBeforeUpdate": true,
          "setState": Object {
            "skipsComponentDidUpdateOnNullish": true,
          },
        },
      },
    },
  },
}
`;
