// Jest Snapshot v1, https://goo.gl/fbAQLP

exports[`<TextFieldWithErrors /> renders correctly 1`] = `
ShallowWrapper {
  Symbol(enzyme.__root__): [Circular],
  Symbol(enzyme.__unrendered__): <TextFieldWithErrors
    error={null}
    label="Test"
    name="test"
    onChange={[MockFunction]}
    type="text"
    value="test"
  />,
  Symbol(enzyme.__renderer__): Object {
    "batchedUpdates": [Function],
    "getNode": [Function],
    "render": [Function],
    "simulateError": [Function],
    "simulateEvent": [Function],
    "unmount": [Function],
  },
  Symbol(enzyme.__node__): Object {
    "instance": null,
    "key": undefined,
    "nodeType": "function",
    "props": Object {
      "align": null,
      "backgroundColor": undefined,
      "children": Array [
        <Label
          className=""
          htmlFor={null}
          size={null}
          style={Object {}}
        >
          Test
        </Label>,
        <Control
          className=""
          fullwidth={false}
          iconLeft={false}
          iconRight={false}
          loading={false}
          renderAs="div"
          size={null}
          style={Object {}}
        >
          <Input
            className=""
            color={null}
            disabled={false}
            isStatic={false}
            name={null}
            onChange={[Function]}
            placeholder=""
            readOnly={false}
            size={null}
            style={Object {}}
            type="text"
            value="test"
          />
        </Control>,
        null,
      ],
      "className": "",
      "clearfix": undefined,
      "clipped": undefined,
      "hidden": undefined,
      "horizontal": false,
      "invisible": undefined,
      "italic": undefined,
      "kind": null,
      "marginless": undefined,
      "multiline": false,
      "overlay": undefined,
      "paddingless": undefined,
      "pull": undefined,
      "radiusless": undefined,
      "renderAs": "div",
      "responsive": undefined,
      "shadowless": undefined,
      "style": Object {},
      "textAlignment": undefined,
      "textColor": undefined,
      "textSize": undefined,
      "textTransform": undefined,
      "textWeight": undefined,
      "unselectable": undefined,
    },
    "ref": null,
    "rendered": Array [
      Object {
        "instance": null,
        "key": undefined,
        "nodeType": "function",
        "props": Object {
          "backgroundColor": undefined,
          "children": "Test",
          "className": "",
          "clearfix": undefined,
          "clipped": undefined,
          "hidden": undefined,
          "htmlFor": null,
          "invisible": undefined,
          "italic": undefined,
          "marginless": undefined,
          "overlay": undefined,
          "paddingless": undefined,
          "pull": undefined,
          "radiusless": undefined,
          "responsive": undefined,
          "shadowless": undefined,
          "size": null,
          "style": Object {},
          "textAlignment": undefined,
          "textColor": undefined,
          "textSize": undefined,
          "textTransform": undefined,
          "textWeight": undefined,
          "unselectable": undefined,
        },
        "ref": null,
        "rendered": "Test",
        "type": [Function],
      },
      Object {
        "instance": null,
        "key": undefined,
        "nodeType": "function",
        "props": Object {
          "backgroundColor": undefined,
          "children": <Input
            className=""
            color={null}
            disabled={false}
            isStatic={false}
            name={null}
            onChange={[Function]}
            placeholder=""
            readOnly={false}
            size={null}
            style={Object {}}
            type="text"
            value="test"
          />,
          "className": "",
          "clearfix": undefined,
          "clipped": undefined,
          "fullwidth": false,
          "hidden": undefined,
          "iconLeft": false,
          "iconRight": false,
          "invisible": undefined,
          "italic": undefined,
          "loading": false,
          "marginless": undefined,
          "overlay": undefined,
          "paddingless": undefined,
          "pull": undefined,
          "radiusless": undefined,
          "renderAs": "div",
          "responsive": undefined,
          "shadowless": undefined,
          "size": null,
          "style": Object {},
          "textAlignment": undefined,
          "textColor": undefined,
          "textSize": undefined,
          "textTransform": undefined,
          "textWeight": undefined,
          "unselectable": undefined,
        },
        "ref": null,
        "rendered": Object {
          "instance": null,
          "key": undefined,
          "nodeType": "class",
          "props": Object {
            "backgroundColor": undefined,
            "className": "",
            "clearfix": undefined,
            "clipped": undefined,
            "color": null,
            "disabled": false,
            "hidden": undefined,
            "invisible": undefined,
            "isStatic": false,
            "italic": undefined,
            "marginless": undefined,
            "name": null,
            "onChange": [Function],
            "overlay": undefined,
            "paddingless": undefined,
            "placeholder": "",
            "pull": undefined,
            "radiusless": undefined,
            "readOnly": false,
            "responsive": undefined,
            "shadowless": undefined,
            "size": null,
            "style": Object {},
            "textAlignment": undefined,
            "textColor": undefined,
            "textSize": undefined,
            "textTransform": undefined,
            "textWeight": undefined,
            "type": "text",
            "unselectable": undefined,
            "value": "test",
          },
          "ref": null,
          "rendered": null,
          "type": [Function],
        },
        "type": [Function],
      },
      null,
    ],
    "type": [Function],
  },
  Symbol(enzyme.__nodes__): Array [
    Object {
      "instance": null,
      "key": undefined,
      "nodeType": "function",
      "props": Object {
        "align": null,
        "backgroundColor": undefined,
        "children": Array [
          <Label
            className=""
            htmlFor={null}
            size={null}
            style={Object {}}
          >
            Test
          </Label>,
          <Control
            className=""
            fullwidth={false}
            iconLeft={false}
            iconRight={false}
            loading={false}
            renderAs="div"
            size={null}
            style={Object {}}
          >
            <Input
              className=""
              color={null}
              disabled={false}
              isStatic={false}
              name={null}
              onChange={[Function]}
              placeholder=""
              readOnly={false}
              size={null}
              style={Object {}}
              type="text"
              value="test"
            />
          </Control>,
          null,
        ],
        "className": "",
        "clearfix": undefined,
        "clipped": undefined,
        "hidden": undefined,
        "horizontal": false,
        "invisible": undefined,
        "italic": undefined,
        "kind": null,
        "marginless": undefined,
        "multiline": false,
        "overlay": undefined,
        "paddingless": undefined,
        "pull": undefined,
        "radiusless": undefined,
        "renderAs": "div",
        "responsive": undefined,
        "shadowless": undefined,
        "style": Object {},
        "textAlignment": undefined,
        "textColor": undefined,
        "textSize": undefined,
        "textTransform": undefined,
        "textWeight": undefined,
        "unselectable": undefined,
      },
      "ref": null,
      "rendered": Array [
        Object {
          "instance": null,
          "key": undefined,
          "nodeType": "function",
          "props": Object {
            "backgroundColor": undefined,
            "children": "Test",
            "className": "",
            "clearfix": undefined,
            "clipped": undefined,
            "hidden": undefined,
            "htmlFor": null,
            "invisible": undefined,
            "italic": undefined,
            "marginless": undefined,
            "overlay": undefined,
            "paddingless": undefined,
            "pull": undefined,
            "radiusless": undefined,
            "responsive": undefined,
            "shadowless": undefined,
            "size": null,
            "style": Object {},
            "textAlignment": undefined,
            "textColor": undefined,
            "textSize": undefined,
            "textTransform": undefined,
            "textWeight": undefined,
            "unselectable": undefined,
          },
          "ref": null,
          "rendered": "Test",
          "type": [Function],
        },
        Object {
          "instance": null,
          "key": undefined,
          "nodeType": "function",
          "props": Object {
            "backgroundColor": undefined,
            "children": <Input
              className=""
              color={null}
              disabled={false}
              isStatic={false}
              name={null}
              onChange={[Function]}
              placeholder=""
              readOnly={false}
              size={null}
              style={Object {}}
              type="text"
              value="test"
            />,
            "className": "",
            "clearfix": undefined,
            "clipped": undefined,
            "fullwidth": false,
            "hidden": undefined,
            "iconLeft": false,
            "iconRight": false,
            "invisible": undefined,
            "italic": undefined,
            "loading": false,
            "marginless": undefined,
            "overlay": undefined,
            "paddingless": undefined,
            "pull": undefined,
            "radiusless": undefined,
            "renderAs": "div",
            "responsive": undefined,
            "shadowless": undefined,
            "size": null,
            "style": Object {},
            "textAlignment": undefined,
            "textColor": undefined,
            "textSize": undefined,
            "textTransform": undefined,
            "textWeight": undefined,
            "unselectable": undefined,
          },
          "ref": null,
          "rendered": Object {
            "instance": null,
            "key": undefined,
            "nodeType": "class",
            "props": Object {
              "backgroundColor": undefined,
              "className": "",
              "clearfix": undefined,
              "clipped": undefined,
              "color": null,
              "disabled": false,
              "hidden": undefined,
              "invisible": undefined,
              "isStatic": false,
              "italic": undefined,
              "marginless": undefined,
              "name": null,
              "onChange": [Function],
              "overlay": undefined,
              "paddingless": undefined,
              "placeholder": "",
              "pull": undefined,
              "radiusless": undefined,
              "readOnly": false,
              "responsive": undefined,
              "shadowless": undefined,
              "size": null,
              "style": Object {},
              "textAlignment": undefined,
              "textColor": undefined,
              "textSize": undefined,
              "textTransform": undefined,
              "textWeight": undefined,
              "type": "text",
              "unselectable": undefined,
              "value": "test",
            },
            "ref": null,
            "rendered": null,
            "type": [Function],
          },
          "type": [Function],
        },
        null,
      ],
      "type": [Function],
    },
  ],
  Symbol(enzyme.__options__): Object {
    "adapter": ReactSixteenAdapter {
      "options": Object {
        "enableComponentDidUpdateOnSetState": true,
        "lifecycles": Object {
          "componentDidUpdate": Object {
            "onSetState": true,
          },
          "getDerivedStateFromProps": true,
          "getSnapshotBeforeUpdate": true,
          "setState": Object {
            "skipsComponentDidUpdateOnNullish": true,
          },
        },
      },
    },
  },
}
`;
